ASSERT failed BEB1 Violated. Correct 1 broadcasted 1012 and correct 1 did not receive it
ASSERT failed BEB1 Violated. Correct 1 broadcasted 1013 and correct 1 did not receive it
ASSERT failed BEB1 Violated. Correct 1 broadcasted 1014 and correct 1 did not receive it
ASSERT failed BEB1 Violated. Correct 1 broadcasted 1015 and correct 1 did not receive it
ASSERT failed BEB1 Violated. Correct 1 broadcasted 1016 and correct 1 did not receive it
ASSERT failed BEB1 Violated. Correct 1 broadcasted 1017 and correct 1 did not receive it
ASSERT failed BEB1 Violated. Correct 1 broadcasted 1018 and correct 1 did not receive it
ASSERT failed BEB1 Violated. Correct 1 broadcasted 1019 and correct 1 did not receive it
ASSERT failed BEB1 Violated. Correct 1 broadcasted 1020 and correct 1 did not receive it
ASSERT failed BEB1 Violated. Correct 1 broadcasted 1021 and correct 1 did not receive it
ASSERT failed BEB1 Violated. Correct 1 broadcasted 1022 and correct 1 did not receive it
ASSERT failed BEB1 Violated. Correct 1 broadcasted 1023 and correct 1 did not receive it
ASSERT failed BEB1 Violated. Correct 1 broadcasted 1024 and correct 1 did not receive it
ASSERT failed BEB1 Violated. Correct 1 broadcasted 1025 and correct 1 did not receive it
ASSERT failed BEB1 Violated. Correct 1 broadcasted 1026 and correct 1 did not receive it
ASSERT failed BEB1 Violated. Correct 1 broadcasted 1027 and correct 1 did not receive it
ASSERT failed BEB1 Violated. Correct 1 broadcasted 1028 and correct 1 did not receive it
ASSERT failed BEB1 Violated. Correct 1 broadcasted 1029 and correct 1 did not receive it
ASSERT failed BEB1 Violated. Correct 1 broadcasted 1030 and correct 1 did not receive it
ASSERT failed BEB1 Violated. Correct 1 broadcasted 1031 and correct 1 did not receive it
ASSERT failed BEB1 Violated. Correct 1 broadcasted 1032 and correct 1 did not receive it
ASSERT failed BEB1 Violated. Correct 1 broadcasted 1033 and correct 1 did not receive it
ASSERT failed BEB1 Violated. Correct 1 broadcasted 1034 and correct 1 did not receive it
ASSERT failed BEB1 Violated. Correct 1 broadcasted 1035 and correct 1 did not receive it
ASSERT failed BEB1 Violated. Correct 1 broadcasted 1036 and correct 1 did not receive it
ASSERT failed BEB1 Violated. Correct 1 broadcasted 1037 and correct 1 did not receive it
ASSERT failed BEB1 Violated. Correct 1 broadcasted 1038 and correct 1 did not receive it
ASSERT failed BEB1 Violated. Correct 1 broadcasted 1039 and correct 1 did not receive it
ASSERT failed BEB1 Violated. Correct 1 broadcasted 1040 and correct 1 did not receive it
ASSERT failed BEB1 Violated. Correct 1 broadcasted 1041 and correct 1 did not receive it
ASSERT failed BEB1 Violated. Correct 1 broadcasted 1041 and correct 3 did not receive it
ASSERT failed BEB1 Violated. Correct 1 broadcasted 1042 and correct 1 did not receive it
ASSERT failed BEB1 Violated. Correct 1 broadcasted 1042 and correct 3 did not receive it
ASSERT failed BEB1 Violated. Correct 1 broadcasted 1043 and correct 1 did not receive it
ASSERT failed BEB1 Violated. Correct 1 broadcasted 1043 and correct 3 did not receive it
ASSERT failed BEB1 Violated. Correct 1 broadcasted 1044 and correct 1 did not receive it
ASSERT failed BEB1 Violated. Correct 1 broadcasted 1044 and correct 3 did not receive it
ASSERT failed BEB1 Violated. Correct 1 broadcasted 1045 and correct 1 did not receive it
ASSERT failed BEB1 Violated. Correct 1 broadcasted 1045 and correct 3 did not receive it
ASSERT failed BEB1 Violated. Correct 1 broadcasted 1046 and correct 1 did not receive it
ASSERT failed BEB1 Violated. Correct 1 broadcasted 1046 and correct 3 did not receive it
ASSERT failed BEB1 Violated. Correct 1 broadcasted 1047 and correct 1 did not receive it
ASSERT failed BEB1 Violated. Correct 1 broadcasted 1047 and correct 3 did not receive it
ASSERT failed BEB1 Violated. Correct 1 broadcasted 1048 and correct 1 did not receive it
ASSERT failed BEB1 Violated. Correct 1 broadcasted 1048 and correct 3 did not receive it
ASSERT failed BEB1 Violated. Correct 1 broadcasted 1049 and correct 1 did not receive it
ASSERT failed BEB1 Violated. Correct 1 broadcasted 1049 and correct 3 did not receive it
ASSERT failed BEB1 Violated. Correct 1 broadcasted 1049 and correct 5 did not receive it
ASSERT failed BEB1 Violated. Correct 1 broadcasted 1050 and correct 1 did not receive it
ASSERT failed BEB1 Violated. Correct 1 broadcasted 1050 and correct 3 did not receive it
ASSERT failed BEB1 Violated. Correct 1 broadcasted 1050 and correct 4 did not receive it
ASSERT failed BEB1 Violated. Correct 1 broadcasted 1050 and correct 5 did not receive it
ASSERT failed BEB1 Violated. Correct 2 broadcasted 2030 and correct 2 did not receive it
ASSERT failed BEB1 Violated. Correct 2 broadcasted 2031 and correct 2 did not receive it
ASSERT failed BEB1 Violated. Correct 2 broadcasted 2032 and correct 2 did not receive it
ASSERT failed BEB1 Violated. Correct 2 broadcasted 2033 and correct 2 did not receive it
ASSERT failed BEB1 Violated. Correct 2 broadcasted 2034 and correct 2 did not receive it
ASSERT failed BEB1 Violated. Correct 2 broadcasted 2034 and correct 3 did not receive it
ASSERT failed BEB1 Violated. Correct 2 broadcasted 2035 and correct 2 did not receive it
ASSERT failed BEB1 Violated. Correct 2 broadcasted 2035 and correct 3 did not receive it
ASSERT failed BEB1 Violated. Correct 2 broadcasted 2036 and correct 2 did not receive it
ASSERT failed BEB1 Violated. Correct 2 broadcasted 2036 and correct 3 did not receive it
ASSERT failed BEB1 Violated. Correct 2 broadcasted 2037 and correct 2 did not receive it
ASSERT failed BEB1 Violated. Correct 2 broadcasted 2037 and correct 3 did not receive it
ASSERT failed BEB1 Violated. Correct 2 broadcasted 2038 and correct 2 did not receive it
ASSERT failed BEB1 Violated. Correct 2 broadcasted 2038 and correct 3 did not receive it
ASSERT failed BEB1 Violated. Correct 2 broadcasted 2039 and correct 2 did not receive it
ASSERT failed BEB1 Violated. Correct 2 broadcasted 2039 and correct 3 did not receive it
ASSERT failed BEB1 Violated. Correct 2 broadcasted 2040 and correct 2 did not receive it
ASSERT failed BEB1 Violated. Correct 2 broadcasted 2040 and correct 3 did not receive it
ASSERT failed BEB1 Violated. Correct 2 broadcasted 2041 and correct 2 did not receive it
ASSERT failed BEB1 Violated. Correct 2 broadcasted 2041 and correct 3 did not receive it
ASSERT failed BEB1 Violated. Correct 2 broadcasted 2042 and correct 2 did not receive it
ASSERT failed BEB1 Violated. Correct 2 broadcasted 2042 and correct 3 did not receive it
ASSERT failed BEB1 Violated. Correct 2 broadcasted 2043 and correct 2 did not receive it
ASSERT failed BEB1 Violated. Correct 2 broadcasted 2043 and correct 3 did not receive it
ASSERT failed BEB1 Violated. Correct 2 broadcasted 2044 and correct 1 did not receive it
ASSERT failed BEB1 Violated. Correct 2 broadcasted 2044 and correct 2 did not receive it
ASSERT failed BEB1 Violated. Correct 2 broadcasted 2044 and correct 3 did not receive it
ASSERT failed BEB1 Violated. Correct 2 broadcasted 2045 and correct 1 did not receive it
ASSERT failed BEB1 Violated. Correct 2 broadcasted 2045 and correct 2 did not receive it
ASSERT failed BEB1 Violated. Correct 2 broadcasted 2045 and correct 3 did not receive it
ASSERT failed BEB1 Violated. Correct 2 broadcasted 2046 and correct 1 did not receive it
ASSERT failed BEB1 Violated. Correct 2 broadcasted 2046 and correct 2 did not receive it
ASSERT failed BEB1 Violated. Correct 2 broadcasted 2046 and correct 3 did not receive it
ASSERT failed BEB1 Violated. Correct 2 broadcasted 2047 and correct 1 did not receive it
ASSERT failed BEB1 Violated. Correct 2 broadcasted 2047 and correct 2 did not receive it
ASSERT failed BEB1 Violated. Correct 2 broadcasted 2047 and correct 3 did not receive it
ASSERT failed BEB1 Violated. Correct 2 broadcasted 2048 and correct 1 did not receive it
ASSERT failed BEB1 Violated. Correct 2 broadcasted 2048 and correct 2 did not receive it
ASSERT failed BEB1 Violated. Correct 2 broadcasted 2048 and correct 3 did not receive it
ASSERT failed BEB1 Violated. Correct 2 broadcasted 2049 and correct 1 did not receive it
ASSERT failed BEB1 Violated. Correct 2 broadcasted 2049 and correct 2 did not receive it
ASSERT failed BEB1 Violated. Correct 2 broadcasted 2049 and correct 3 did not receive it
ASSERT failed BEB1 Violated. Correct 2 broadcasted 2050 and correct 1 did not receive it
ASSERT failed BEB1 Violated. Correct 2 broadcasted 2050 and correct 2 did not receive it
ASSERT failed BEB1 Violated. Correct 2 broadcasted 2050 and correct 3 did not receive it
ASSERT failed BEB1 Violated. Correct 2 broadcasted 2050 and correct 5 did not receive it
ASSERT failed BEB1 Violated. Correct 3 broadcasted 3045 and correct 5 did not receive it
ASSERT failed BEB1 Violated. Correct 3 broadcasted 3046 and correct 4 did not receive it
ASSERT failed BEB1 Violated. Correct 3 broadcasted 3046 and correct 5 did not receive it
ASSERT failed BEB1 Violated. Correct 3 broadcasted 3047 and correct 4 did not receive it
ASSERT failed BEB1 Violated. Correct 3 broadcasted 3047 and correct 5 did not receive it
ASSERT failed BEB1 Violated. Correct 3 broadcasted 3048 and correct 4 did not receive it
ASSERT failed BEB1 Violated. Correct 3 broadcasted 3048 and correct 5 did not receive it
ASSERT failed BEB1 Violated. Correct 3 broadcasted 3049 and correct 4 did not receive it
ASSERT failed BEB1 Violated. Correct 3 broadcasted 3049 and correct 5 did not receive it
ASSERT failed BEB1 Violated. Correct 3 broadcasted 3050 and correct 1 did not receive it
ASSERT failed BEB1 Violated. Correct 3 broadcasted 3050 and correct 4 did not receive it
ASSERT failed BEB1 Violated. Correct 3 broadcasted 3050 and correct 5 did not receive it
ASSERT failed BEB1 Violated. Correct 4 broadcasted 4006 and correct 4 did not receive it
ASSERT failed BEB1 Violated. Correct 4 broadcasted 4007 and correct 4 did not receive it
ASSERT failed BEB1 Violated. Correct 4 broadcasted 4008 and correct 4 did not receive it
ASSERT failed BEB1 Violated. Correct 4 broadcasted 4009 and correct 4 did not receive it
ASSERT failed BEB1 Violated. Correct 4 broadcasted 4010 and correct 4 did not receive it
ASSERT failed BEB1 Violated. Correct 4 broadcasted 4011 and correct 4 did not receive it
ASSERT failed BEB1 Violated. Correct 4 broadcasted 4012 and correct 4 did not receive it
ASSERT failed BEB1 Violated. Correct 4 broadcasted 4013 and correct 4 did not receive it
ASSERT failed BEB1 Violated. Correct 4 broadcasted 4014 and correct 4 did not receive it
ASSERT failed BEB1 Violated. Correct 4 broadcasted 4015 and correct 4 did not receive it
ASSERT failed BEB1 Violated. Correct 4 broadcasted 4016 and correct 4 did not receive it
ASSERT failed BEB1 Violated. Correct 4 broadcasted 4017 and correct 4 did not receive it
ASSERT failed BEB1 Violated. Correct 4 broadcasted 4018 and correct 4 did not receive it
ASSERT failed BEB1 Violated. Correct 4 broadcasted 4019 and correct 4 did not receive it
ASSERT failed BEB1 Violated. Correct 4 broadcasted 4020 and correct 4 did not receive it
ASSERT failed BEB1 Violated. Correct 4 broadcasted 4021 and correct 4 did not receive it
ASSERT failed BEB1 Violated. Correct 4 broadcasted 4022 and correct 4 did not receive it
ASSERT failed BEB1 Violated. Correct 4 broadcasted 4023 and correct 4 did not receive it
ASSERT failed BEB1 Violated. Correct 4 broadcasted 4024 and correct 3 did not receive it
ASSERT failed BEB1 Violated. Correct 4 broadcasted 4024 and correct 4 did not receive it
ASSERT failed BEB1 Violated. Correct 4 broadcasted 4025 and correct 3 did not receive it
ASSERT failed BEB1 Violated. Correct 4 broadcasted 4025 and correct 4 did not receive it
ASSERT failed BEB1 Violated. Correct 4 broadcasted 4026 and correct 3 did not receive it
ASSERT failed BEB1 Violated. Correct 4 broadcasted 4026 and correct 4 did not receive it
ASSERT failed BEB1 Violated. Correct 4 broadcasted 4027 and correct 3 did not receive it
ASSERT failed BEB1 Violated. Correct 4 broadcasted 4027 and correct 4 did not receive it
ASSERT failed BEB1 Violated. Correct 4 broadcasted 4028 and correct 3 did not receive it
ASSERT failed BEB1 Violated. Correct 4 broadcasted 4028 and correct 4 did not receive it
ASSERT failed BEB1 Violated. Correct 4 broadcasted 4029 and correct 3 did not receive it
ASSERT failed BEB1 Violated. Correct 4 broadcasted 4029 and correct 4 did not receive it
ASSERT failed BEB1 Violated. Correct 4 broadcasted 4030 and correct 3 did not receive it
ASSERT failed BEB1 Violated. Correct 4 broadcasted 4030 and correct 4 did not receive it
ASSERT failed BEB1 Violated. Correct 4 broadcasted 4031 and correct 3 did not receive it
ASSERT failed BEB1 Violated. Correct 4 broadcasted 4031 and correct 4 did not receive it
ASSERT failed BEB1 Violated. Correct 4 broadcasted 4032 and correct 3 did not receive it
ASSERT failed BEB1 Violated. Correct 4 broadcasted 4032 and correct 4 did not receive it
ASSERT failed BEB1 Violated. Correct 4 broadcasted 4033 and correct 3 did not receive it
ASSERT failed BEB1 Violated. Correct 4 broadcasted 4033 and correct 4 did not receive it
ASSERT failed BEB1 Violated. Correct 4 broadcasted 4034 and correct 3 did not receive it
ASSERT failed BEB1 Violated. Correct 4 broadcasted 4034 and correct 4 did not receive it
ASSERT failed BEB1 Violated. Correct 4 broadcasted 4035 and correct 3 did not receive it
ASSERT failed BEB1 Violated. Correct 4 broadcasted 4035 and correct 4 did not receive it
ASSERT failed BEB1 Violated. Correct 4 broadcasted 4036 and correct 3 did not receive it
ASSERT failed BEB1 Violated. Correct 4 broadcasted 4036 and correct 4 did not receive it
ASSERT failed BEB1 Violated. Correct 4 broadcasted 4037 and correct 3 did not receive it
ASSERT failed BEB1 Violated. Correct 4 broadcasted 4037 and correct 4 did not receive it
ASSERT failed BEB1 Violated. Correct 4 broadcasted 4038 and correct 1 did not receive it
ASSERT failed BEB1 Violated. Correct 4 broadcasted 4038 and correct 3 did not receive it
ASSERT failed BEB1 Violated. Correct 4 broadcasted 4038 and correct 4 did not receive it
ASSERT failed BEB1 Violated. Correct 4 broadcasted 4039 and correct 1 did not receive it
ASSERT failed BEB1 Violated. Correct 4 broadcasted 4039 and correct 3 did not receive it
ASSERT failed BEB1 Violated. Correct 4 broadcasted 4039 and correct 4 did not receive it
ASSERT failed BEB1 Violated. Correct 4 broadcasted 4040 and correct 1 did not receive it
ASSERT failed BEB1 Violated. Correct 4 broadcasted 4040 and correct 3 did not receive it
ASSERT failed BEB1 Violated. Correct 4 broadcasted 4040 and correct 4 did not receive it
ASSERT failed BEB1 Violated. Correct 4 broadcasted 4041 and correct 1 did not receive it
ASSERT failed BEB1 Violated. Correct 4 broadcasted 4041 and correct 3 did not receive it
ASSERT failed BEB1 Violated. Correct 4 broadcasted 4041 and correct 4 did not receive it
ASSERT failed BEB1 Violated. Correct 4 broadcasted 4042 and correct 1 did not receive it
ASSERT failed BEB1 Violated. Correct 4 broadcasted 4042 and correct 3 did not receive it
ASSERT failed BEB1 Violated. Correct 4 broadcasted 4042 and correct 4 did not receive it
ASSERT failed BEB1 Violated. Correct 4 broadcasted 4043 and correct 1 did not receive it
ASSERT failed BEB1 Violated. Correct 4 broadcasted 4043 and correct 3 did not receive it
ASSERT failed BEB1 Violated. Correct 4 broadcasted 4043 and correct 4 did not receive it
ASSERT failed BEB1 Violated. Correct 4 broadcasted 4044 and correct 1 did not receive it
ASSERT failed BEB1 Violated. Correct 4 broadcasted 4044 and correct 3 did not receive it
ASSERT failed BEB1 Violated. Correct 4 broadcasted 4044 and correct 4 did not receive it
ASSERT failed BEB1 Violated. Correct 4 broadcasted 4045 and correct 1 did not receive it
ASSERT failed BEB1 Violated. Correct 4 broadcasted 4045 and correct 3 did not receive it
ASSERT failed BEB1 Violated. Correct 4 broadcasted 4045 and correct 4 did not receive it
ASSERT failed BEB1 Violated. Correct 4 broadcasted 4046 and correct 1 did not receive it
ASSERT failed BEB1 Violated. Correct 4 broadcasted 4046 and correct 3 did not receive it
ASSERT failed BEB1 Violated. Correct 4 broadcasted 4046 and correct 4 did not receive it
ASSERT failed BEB1 Violated. Correct 4 broadcasted 4047 and correct 1 did not receive it
ASSERT failed BEB1 Violated. Correct 4 broadcasted 4047 and correct 3 did not receive it
ASSERT failed BEB1 Violated. Correct 4 broadcasted 4047 and correct 4 did not receive it
ASSERT failed BEB1 Violated. Correct 4 broadcasted 4048 and correct 1 did not receive it
ASSERT failed BEB1 Violated. Correct 4 broadcasted 4048 and correct 3 did not receive it
ASSERT failed BEB1 Violated. Correct 4 broadcasted 4048 and correct 4 did not receive it
ASSERT failed BEB1 Violated. Correct 4 broadcasted 4049 and correct 1 did not receive it
ASSERT failed BEB1 Violated. Correct 4 broadcasted 4049 and correct 3 did not receive it
ASSERT failed BEB1 Violated. Correct 4 broadcasted 4049 and correct 4 did not receive it
ASSERT failed BEB1 Violated. Correct 4 broadcasted 4050 and correct 1 did not receive it
ASSERT failed BEB1 Violated. Correct 4 broadcasted 4050 and correct 3 did not receive it
ASSERT failed BEB1 Violated. Correct 4 broadcasted 4050 and correct 4 did not receive it
ASSERT failed BEB1 Violated. Correct 5 broadcasted 5015 and correct 5 did not receive it
ASSERT failed BEB1 Violated. Correct 5 broadcasted 5016 and correct 5 did not receive it
ASSERT failed BEB1 Violated. Correct 5 broadcasted 5017 and correct 5 did not receive it
ASSERT failed BEB1 Violated. Correct 5 broadcasted 5018 and correct 5 did not receive it
ASSERT failed BEB1 Violated. Correct 5 broadcasted 5019 and correct 5 did not receive it
ASSERT failed BEB1 Violated. Correct 5 broadcasted 5020 and correct 4 did not receive it
ASSERT failed BEB1 Violated. Correct 5 broadcasted 5020 and correct 5 did not receive it
ASSERT failed BEB1 Violated. Correct 5 broadcasted 5021 and correct 4 did not receive it
ASSERT failed BEB1 Violated. Correct 5 broadcasted 5021 and correct 5 did not receive it
ASSERT failed BEB1 Violated. Correct 5 broadcasted 5022 and correct 4 did not receive it
ASSERT failed BEB1 Violated. Correct 5 broadcasted 5022 and correct 5 did not receive it
ASSERT failed BEB1 Violated. Correct 5 broadcasted 5023 and correct 4 did not receive it
ASSERT failed BEB1 Violated. Correct 5 broadcasted 5023 and correct 5 did not receive it
ASSERT failed BEB1 Violated. Correct 5 broadcasted 5024 and correct 4 did not receive it
ASSERT failed BEB1 Violated. Correct 5 broadcasted 5024 and correct 5 did not receive it
ASSERT failed BEB1 Violated. Correct 5 broadcasted 5025 and correct 4 did not receive it
ASSERT failed BEB1 Violated. Correct 5 broadcasted 5025 and correct 5 did not receive it
ASSERT failed BEB1 Violated. Correct 5 broadcasted 5026 and correct 4 did not receive it
ASSERT failed BEB1 Violated. Correct 5 broadcasted 5026 and correct 5 did not receive it
ASSERT failed BEB1 Violated. Correct 5 broadcasted 5027 and correct 4 did not receive it
ASSERT failed BEB1 Violated. Correct 5 broadcasted 5027 and correct 5 did not receive it
ASSERT failed BEB1 Violated. Correct 5 broadcasted 5028 and correct 4 did not receive it
ASSERT failed BEB1 Violated. Correct 5 broadcasted 5028 and correct 5 did not receive it
ASSERT failed BEB1 Violated. Correct 5 broadcasted 5029 and correct 4 did not receive it
ASSERT failed BEB1 Violated. Correct 5 broadcasted 5029 and correct 5 did not receive it
ASSERT failed BEB1 Violated. Correct 5 broadcasted 5030 and correct 4 did not receive it
ASSERT failed BEB1 Violated. Correct 5 broadcasted 5030 and correct 5 did not receive it
ASSERT failed BEB1 Violated. Correct 5 broadcasted 5031 and correct 4 did not receive it
ASSERT failed BEB1 Violated. Correct 5 broadcasted 5031 and correct 5 did not receive it
ASSERT failed BEB1 Violated. Correct 5 broadcasted 5032 and correct 4 did not receive it
ASSERT failed BEB1 Violated. Correct 5 broadcasted 5032 and correct 5 did not receive it
ASSERT failed BEB1 Violated. Correct 5 broadcasted 5033 and correct 4 did not receive it
ASSERT failed BEB1 Violated. Correct 5 broadcasted 5033 and correct 5 did not receive it
ASSERT failed BEB1 Violated. Correct 5 broadcasted 5034 and correct 4 did not receive it
ASSERT failed BEB1 Violated. Correct 5 broadcasted 5034 and correct 5 did not receive it
ASSERT failed BEB1 Violated. Correct 5 broadcasted 5035 and correct 4 did not receive it
ASSERT failed BEB1 Violated. Correct 5 broadcasted 5035 and correct 5 did not receive it
ASSERT failed BEB1 Violated. Correct 5 broadcasted 5036 and correct 4 did not receive it
ASSERT failed BEB1 Violated. Correct 5 broadcasted 5036 and correct 5 did not receive it
ASSERT failed BEB1 Violated. Correct 5 broadcasted 5037 and correct 4 did not receive it
ASSERT failed BEB1 Violated. Correct 5 broadcasted 5037 and correct 5 did not receive it
ASSERT failed BEB1 Violated. Correct 5 broadcasted 5038 and correct 4 did not receive it
ASSERT failed BEB1 Violated. Correct 5 broadcasted 5038 and correct 5 did not receive it
ASSERT failed BEB1 Violated. Correct 5 broadcasted 5039 and correct 4 did not receive it
ASSERT failed BEB1 Violated. Correct 5 broadcasted 5039 and correct 5 did not receive it
ASSERT failed BEB1 Violated. Correct 5 broadcasted 5040 and correct 4 did not receive it
ASSERT failed BEB1 Violated. Correct 5 broadcasted 5040 and correct 5 did not receive it
ASSERT failed BEB1 Violated. Correct 5 broadcasted 5041 and correct 4 did not receive it
ASSERT failed BEB1 Violated. Correct 5 broadcasted 5041 and correct 5 did not receive it
ASSERT failed BEB1 Violated. Correct 5 broadcasted 5042 and correct 4 did not receive it
ASSERT failed BEB1 Violated. Correct 5 broadcasted 5042 and correct 5 did not receive it
ASSERT failed BEB1 Violated. Correct 5 broadcasted 5043 and correct 4 did not receive it
ASSERT failed BEB1 Violated. Correct 5 broadcasted 5043 and correct 5 did not receive it
ASSERT failed BEB1 Violated. Correct 5 broadcasted 5044 and correct 4 did not receive it
ASSERT failed BEB1 Violated. Correct 5 broadcasted 5044 and correct 5 did not receive it
ASSERT failed BEB1 Violated. Correct 5 broadcasted 5045 and correct 4 did not receive it
ASSERT failed BEB1 Violated. Correct 5 broadcasted 5045 and correct 5 did not receive it
ASSERT failed BEB1 Violated. Correct 5 broadcasted 5046 and correct 4 did not receive it
ASSERT failed BEB1 Violated. Correct 5 broadcasted 5046 and correct 5 did not receive it
ASSERT failed BEB1 Violated. Correct 5 broadcasted 5047 and correct 4 did not receive it
ASSERT failed BEB1 Violated. Correct 5 broadcasted 5047 and correct 5 did not receive it
ASSERT failed BEB1 Violated. Correct 5 broadcasted 5048 and correct 4 did not receive it
ASSERT failed BEB1 Violated. Correct 5 broadcasted 5048 and correct 5 did not receive it
ASSERT failed BEB1 Violated. Correct 5 broadcasted 5049 and correct 4 did not receive it
ASSERT failed BEB1 Violated. Correct 5 broadcasted 5049 and correct 5 did not receive it
ASSERT failed BEB1 Violated. Correct 5 broadcasted 5050 and correct 4 did not receive it
ASSERT failed BEB1 Violated. Correct 5 broadcasted 5050 and correct 5 did not receive it
ASSERT failed URB4 Violated. Process [1, 2, 3, 4] delivered 5015 and correct [5] did not deliver it
ASSERT failed URB4 Violated. Process [1, 2, 3, 4] delivered 5016 and correct [5] did not deliver it
ASSERT failed URB4 Violated. Process [1, 2, 3, 4] delivered 5017 and correct [5] did not deliver it
ASSERT failed URB4 Violated. Process [1, 2, 3, 4] delivered 5018 and correct [5] did not deliver it
ASSERT failed URB4 Violated. Process [1, 2, 3, 4] delivered 5019 and correct [5] did not deliver it
ASSERT failed URB4 Violated. Process [1, 2, 3] delivered 5020 and correct [4, 5] did not deliver it
ASSERT failed URB4 Violated. Process [1, 2, 3] delivered 5021 and correct [4, 5] did not deliver it
ASSERT failed URB4 Violated. Process [1, 2, 3] delivered 5022 and correct [4, 5] did not deliver it
ASSERT failed URB4 Violated. Process [1, 2, 3] delivered 5023 and correct [4, 5] did not deliver it
ASSERT failed URB4 Violated. Process [1, 2, 3] delivered 5024 and correct [4, 5] did not deliver it
ASSERT failed URB4 Violated. Process [1, 3, 4, 5] delivered 2030 and correct [2] did not deliver it
ASSERT failed URB4 Violated. Process [1, 3, 4, 5] delivered 2031 and correct [2] did not deliver it
ASSERT failed URB4 Violated. Process [1, 2, 3] delivered 5025 and correct [4, 5] did not deliver it
ASSERT failed URB4 Violated. Process [1, 2, 3] delivered 5026 and correct [4, 5] did not deliver it
ASSERT failed URB4 Violated. Process [1, 2, 3] delivered 5027 and correct [4, 5] did not deliver it
ASSERT failed URB4 Violated. Process [1, 2, 3] delivered 5028 and correct [4, 5] did not deliver it
ASSERT failed URB4 Violated. Process [1, 2, 3] delivered 5029 and correct [4, 5] did not deliver it
ASSERT failed URB4 Violated. Process [1, 2, 3] delivered 5030 and correct [4, 5] did not deliver it
ASSERT failed URB4 Violated. Process [1, 2, 3] delivered 5031 and correct [4, 5] did not deliver it
ASSERT failed URB4 Violated. Process [1, 2, 3] delivered 5032 and correct [4, 5] did not deliver it
ASSERT failed URB4 Violated. Process [1, 2, 3] delivered 5033 and correct [4, 5] did not deliver it
ASSERT failed URB4 Violated. Process [1, 2, 3] delivered 5034 and correct [4, 5] did not deliver it
ASSERT failed URB4 Violated. Process [1, 2, 3] delivered 5035 and correct [4, 5] did not deliver it
ASSERT failed URB4 Violated. Process [1, 2, 3] delivered 5036 and correct [4, 5] did not deliver it
ASSERT failed URB4 Violated. Process [1, 2, 3] delivered 5037 and correct [4, 5] did not deliver it
ASSERT failed URB4 Violated. Process [1, 2, 3] delivered 5038 and correct [4, 5] did not deliver it
ASSERT failed URB4 Violated. Process [1, 2, 3] delivered 5039 and correct [4, 5] did not deliver it
ASSERT failed URB4 Violated. Process [1, 2, 3] delivered 5040 and correct [4, 5] did not deliver it
ASSERT failed URB4 Violated. Process [1, 2, 3] delivered 5041 and correct [4, 5] did not deliver it
ASSERT failed URB4 Violated. Process [1, 2, 3] delivered 5042 and correct [4, 5] did not deliver it
ASSERT failed URB4 Violated. Process [1, 2, 3] delivered 5043 and correct [4, 5] did not deliver it
ASSERT failed URB4 Violated. Process [1, 2, 3] delivered 5044 and correct [4, 5] did not deliver it
ASSERT failed URB4 Violated. Process [1, 2, 3] delivered 5045 and correct [4, 5] did not deliver it
ASSERT failed URB4 Violated. Process [1, 2, 3] delivered 5046 and correct [4, 5] did not deliver it
ASSERT failed URB4 Violated. Process [1, 2, 3] delivered 5047 and correct [4, 5] did not deliver it
ASSERT failed URB4 Violated. Process [1, 2, 3] delivered 5048 and correct [4, 5] did not deliver it
ASSERT failed URB4 Violated. Process [1, 2, 3, 5] delivered 4006 and correct [4] did not deliver it
ASSERT failed URB4 Violated. Process [1, 2, 3, 5] delivered 4007 and correct [4] did not deliver it
ASSERT failed URB4 Violated. Process [1, 2, 3] delivered 5049 and correct [4, 5] did not deliver it
ASSERT failed URB4 Violated. Process [1, 2, 3] delivered 5050 and correct [4, 5] did not deliver it
ASSERT failed URB4 Violated. Process [1, 2, 3, 5] delivered 4008 and correct [4] did not deliver it
ASSERT failed URB4 Violated. Process [1, 2, 3, 5] delivered 4009 and correct [4] did not deliver it
ASSERT failed URB4 Violated. Process [1, 2, 3, 5] delivered 4010 and correct [4] did not deliver it
ASSERT failed URB4 Violated. Process [1, 2, 3, 5] delivered 4011 and correct [4] did not deliver it
ASSERT failed URB4 Violated. Process [1, 2, 3, 5] delivered 4012 and correct [4] did not deliver it
ASSERT failed URB4 Violated. Process [1, 2, 3, 5] delivered 4013 and correct [4] did not deliver it
ASSERT failed URB4 Violated. Process [1, 2, 3, 5] delivered 4014 and correct [4] did not deliver it
ASSERT failed URB4 Violated. Process [1, 2, 3, 5] delivered 4015 and correct [4] did not deliver it
ASSERT failed URB4 Violated. Process [1, 2, 3, 5] delivered 4016 and correct [4] did not deliver it
ASSERT failed URB4 Violated. Process [1, 3, 4, 5] delivered 2032 and correct [2] did not deliver it
ASSERT failed URB4 Violated. Process [1, 2, 3, 5] delivered 4017 and correct [4] did not deliver it
ASSERT failed URB4 Violated. Process [1, 2, 3, 5] delivered 4018 and correct [4] did not deliver it
ASSERT failed URB4 Violated. Process [1, 2, 3, 5] delivered 4019 and correct [4] did not deliver it
ASSERT failed URB4 Violated. Process [1, 2, 3, 5] delivered 4020 and correct [4] did not deliver it
ASSERT failed URB4 Violated. Process [1, 3, 4, 5] delivered 2033 and correct [2] did not deliver it
ASSERT failed URB4 Violated. Process [1, 2, 3, 5] delivered 4021 and correct [4] did not deliver it
ASSERT failed URB4 Violated. Process [1, 2, 3, 5] delivered 4022 and correct [4] did not deliver it
ASSERT failed URB4 Violated. Process [1, 4, 5] delivered 2034 and correct [2, 3] did not deliver it
ASSERT failed URB4 Violated. Process [1, 2, 3, 5] delivered 4023 and correct [4] did not deliver it
ASSERT failed URB4 Violated. Process [1, 4, 5] delivered 2035 and correct [2, 3] did not deliver it
ASSERT failed URB4 Violated. Process [1, 2, 5] delivered 4024 and correct [3, 4] did not deliver it
ASSERT failed URB4 Violated. Process [1, 4, 5] delivered 2036 and correct [2, 3] did not deliver it
ASSERT failed URB4 Violated. Process [1, 4, 5] delivered 2037 and correct [2, 3] did not deliver it
ASSERT failed URB4 Violated. Process [1, 2, 5] delivered 4025 and correct [3, 4] did not deliver it
ASSERT failed URB4 Violated. Process [1, 2, 5] delivered 4026 and correct [3, 4] did not deliver it
ASSERT failed URB4 Violated. Process [1, 2, 5] delivered 4027 and correct [3, 4] did not deliver it
ASSERT failed URB4 Violated. Process [1, 4, 5] delivered 2038 and correct [2, 3] did not deliver it
ASSERT failed URB4 Violated. Process [1, 2, 5] delivered 4028 and correct [3, 4] did not deliver it
ASSERT failed URB4 Violated. Process [1, 4, 5] delivered 2039 and correct [2, 3] did not deliver it
ASSERT failed URB4 Violated. Process [1, 2, 5] delivered 4029 and correct [3, 4] did not deliver it
ASSERT failed URB4 Violated. Process [1, 4, 5] delivered 2040 and correct [2, 3] did not deliver it
ASSERT failed URB4 Violated. Process [1, 2, 5] delivered 4030 and correct [3, 4] did not deliver it
ASSERT failed URB4 Violated. Process [1, 4, 5] delivered 2041 and correct [2, 3] did not deliver it
ASSERT failed URB4 Violated. Process [1, 2, 5] delivered 4031 and correct [3, 4] did not deliver it
ASSERT failed URB4 Violated. Process [1, 2, 5] delivered 4032 and correct [3, 4] did not deliver it
ASSERT failed URB4 Violated. Process [1, 2, 5] delivered 4033 and correct [3, 4] did not deliver it
ASSERT failed URB4 Violated. Process [1, 2, 5] delivered 4034 and correct [3, 4] did not deliver it
ASSERT failed URB4 Violated. Process [1, 4, 5] delivered 2042 and correct [2, 3] did not deliver it
ASSERT failed URB4 Violated. Process [1, 2, 3, 4] delivered 3045 and correct [5] did not deliver it
ASSERT failed URB4 Violated. Process [1, 2, 3] delivered 3046 and correct [4, 5] did not deliver it
ASSERT failed URB4 Violated. Process [1, 2, 3] delivered 3047 and correct [4, 5] did not deliver it
ASSERT failed URB4 Violated. Process [1, 2, 5] delivered 4035 and correct [3, 4] did not deliver it
ASSERT failed URB4 Violated. Process [1, 2, 5] delivered 4036 and correct [3, 4] did not deliver it
ASSERT failed URB4 Violated. Process [1, 2, 3] delivered 3048 and correct [4, 5] did not deliver it
ASSERT failed URB4 Violated. Process [1, 4, 5] delivered 2043 and correct [2, 3] did not deliver it
ASSERT failed URB4 Violated. Process [1, 2, 5] delivered 4037 and correct [3, 4] did not deliver it
ASSERT failed URB4 Violated. Process [1, 2, 3] delivered 3049 and correct [4, 5] did not deliver it
ASSERT failed URB4 Violated. Process [1, 2, 3, 5] delivered 4006 and correct [4] did not deliver it
ASSERT failed URB4 Violated. Process [1, 2, 3, 5] delivered 4007 and correct [4] did not deliver it
ASSERT failed URB4 Violated. Process [1, 2, 3, 5] delivered 4008 and correct [4] did not deliver it
ASSERT failed URB4 Violated. Process [1, 2, 3, 5] delivered 4009 and correct [4] did not deliver it
ASSERT failed URB4 Violated. Process [1, 2, 3, 5] delivered 4010 and correct [4] did not deliver it
ASSERT failed URB4 Violated. Process [1, 2, 3, 5] delivered 4011 and correct [4] did not deliver it
ASSERT failed URB4 Violated. Process [1, 2, 3, 5] delivered 4012 and correct [4] did not deliver it
ASSERT failed URB4 Violated. Process [1, 2, 3, 5] delivered 4013 and correct [4] did not deliver it
ASSERT failed URB4 Violated. Process [1, 2, 3, 5] delivered 4014 and correct [4] did not deliver it
ASSERT failed URB4 Violated. Process [1, 2, 3, 5] delivered 4015 and correct [4] did not deliver it
ASSERT failed URB4 Violated. Process [2, 3, 4, 5] delivered 1012 and correct [1] did not deliver it
ASSERT failed URB4 Violated. Process [2, 3, 4, 5] delivered 1013 and correct [1] did not deliver it
ASSERT failed URB4 Violated. Process [2, 3, 4, 5] delivered 1014 and correct [1] did not deliver it
ASSERT failed URB4 Violated. Process [2, 3, 4, 5] delivered 1015 and correct [1] did not deliver it
ASSERT failed URB4 Violated. Process [2, 3, 4, 5] delivered 1016 and correct [1] did not deliver it
ASSERT failed URB4 Violated. Process [2, 3, 4, 5] delivered 1017 and correct [1] did not deliver it
ASSERT failed URB4 Violated. Process [2, 3, 4, 5] delivered 1018 and correct [1] did not deliver it
ASSERT failed URB4 Violated. Process [2, 3, 4, 5] delivered 1019 and correct [1] did not deliver it
ASSERT failed URB4 Violated. Process [2, 3, 4, 5] delivered 1020 and correct [1] did not deliver it
ASSERT failed URB4 Violated. Process [2, 3, 4, 5] delivered 1021 and correct [1] did not deliver it
ASSERT failed URB4 Violated. Process [2, 3, 4, 5] delivered 1022 and correct [1] did not deliver it
ASSERT failed URB4 Violated. Process [2, 3, 4, 5] delivered 1023 and correct [1] did not deliver it
ASSERT failed URB4 Violated. Process [2, 3, 4, 5] delivered 1024 and correct [1] did not deliver it
ASSERT failed URB4 Violated. Process [2, 3, 4, 5] delivered 1025 and correct [1] did not deliver it
ASSERT failed URB4 Violated. Process [2, 3, 4, 5] delivered 1026 and correct [1] did not deliver it
ASSERT failed URB4 Violated. Process [2, 3, 4, 5] delivered 1027 and correct [1] did not deliver it
ASSERT failed URB4 Violated. Process [2, 3, 4, 5] delivered 1028 and correct [1] did not deliver it
ASSERT failed URB4 Violated. Process [2, 3, 4, 5] delivered 1029 and correct [1] did not deliver it
ASSERT failed URB4 Violated. Process [2, 3, 4, 5] delivered 1030 and correct [1] did not deliver it
ASSERT failed URB4 Violated. Process [2, 3, 4, 5] delivered 1031 and correct [1] did not deliver it
ASSERT failed URB4 Violated. Process [2, 3, 4, 5] delivered 1032 and correct [1] did not deliver it
ASSERT failed URB4 Violated. Process [2, 3, 4, 5] delivered 1033 and correct [1] did not deliver it
ASSERT failed URB4 Violated. Process [2, 3, 4, 5] delivered 1034 and correct [1] did not deliver it
ASSERT failed URB4 Violated. Process [2, 3, 4, 5] delivered 1035 and correct [1] did not deliver it
ASSERT failed URB4 Violated. Process [2, 3, 4, 5] delivered 1036 and correct [1] did not deliver it
ASSERT failed URB4 Violated. Process [2, 3, 4, 5] delivered 1037 and correct [1] did not deliver it
ASSERT failed URB4 Violated. Process [1, 2, 3, 4] delivered 3045 and correct [5] did not deliver it
ASSERT failed URB4 Violated. Process [1, 2, 3] delivered 3046 and correct [4, 5] did not deliver it
ASSERT failed URB4 Violated. Process [1, 2, 3] delivered 3047 and correct [4, 5] did not deliver it
ASSERT failed URB4 Violated. Process [1, 2, 3] delivered 3048 and correct [4, 5] did not deliver it
ASSERT failed URB4 Violated. Process [1, 2, 3, 5] delivered 4016 and correct [4] did not deliver it
ASSERT failed URB4 Violated. Process [1, 2, 3, 5] delivered 4017 and correct [4] did not deliver it
ASSERT failed URB4 Violated. Process [1, 2, 3, 5] delivered 4018 and correct [4] did not deliver it
ASSERT failed URB4 Violated. Process [1, 2, 3, 5] delivered 4019 and correct [4] did not deliver it
ASSERT failed URB4 Violated. Process [1, 2, 3, 5] delivered 4020 and correct [4] did not deliver it
ASSERT failed URB4 Violated. Process [1, 2, 3, 5] delivered 4021 and correct [4] did not deliver it
ASSERT failed URB4 Violated. Process [1, 2, 3, 5] delivered 4022 and correct [4] did not deliver it
ASSERT failed URB4 Violated. Process [1, 2, 3, 5] delivered 4023 and correct [4] did not deliver it
ASSERT failed URB4 Violated. Process [1, 2, 5] delivered 4024 and correct [3, 4] did not deliver it
ASSERT failed URB4 Violated. Process [1, 2, 5] delivered 4025 and correct [3, 4] did not deliver it
ASSERT failed URB4 Violated. Process [1, 2, 5] delivered 4026 and correct [3, 4] did not deliver it
ASSERT failed URB4 Violated. Process [1, 2, 5] delivered 4027 and correct [3, 4] did not deliver it
ASSERT failed URB4 Violated. Process [1, 2, 5] delivered 4028 and correct [3, 4] did not deliver it
ASSERT failed URB4 Violated. Process [1, 2, 5] delivered 4029 and correct [3, 4] did not deliver it
ASSERT failed URB4 Violated. Process [1, 2, 5] delivered 4030 and correct [3, 4] did not deliver it
ASSERT failed URB4 Violated. Process [1, 2, 5] delivered 4031 and correct [3, 4] did not deliver it
ASSERT failed URB4 Violated. Process [1, 2, 5] delivered 4032 and correct [3, 4] did not deliver it
ASSERT failed URB4 Violated. Process [1, 2, 5] delivered 4033 and correct [3, 4] did not deliver it
ASSERT failed URB4 Violated. Process [1, 2, 5] delivered 4034 and correct [3, 4] did not deliver it
ASSERT failed URB4 Violated. Process [2, 3, 4, 5] delivered 1038 and correct [1] did not deliver it
ASSERT failed URB4 Violated. Process [1, 2, 5] delivered 4035 and correct [3, 4] did not deliver it
ASSERT failed URB4 Violated. Process [1, 2, 5] delivered 4036 and correct [3, 4] did not deliver it
ASSERT failed URB4 Violated. Process [2, 3, 4, 5] delivered 1039 and correct [1] did not deliver it
ASSERT failed URB4 Violated. Process [1, 2, 5] delivered 4037 and correct [3, 4] did not deliver it
ASSERT failed URB4 Violated. Process [2, 3, 4, 5] delivered 1040 and correct [1] did not deliver it
ASSERT failed URB4 Violated. Process [2, 4, 5] delivered 1041 and correct [1, 3] did not deliver it
ASSERT failed URB4 Violated. Process [2, 5] delivered 4038 and correct [1, 3, 4] did not deliver it
ASSERT failed URB4 Violated. Process [2, 4, 5] delivered 1042 and correct [1, 3] did not deliver it
ASSERT failed URB4 Violated. Process [1, 2, 3, 4] delivered 5015 and correct [5] did not deliver it
ASSERT failed URB4 Violated. Process [2, 5] delivered 4039 and correct [1, 3, 4] did not deliver it
ASSERT failed URB4 Violated. Process [2, 5] delivered 4040 and correct [1, 3, 4] did not deliver it
ASSERT failed URB4 Violated. Process [2, 4, 5] delivered 1043 and correct [1, 3] did not deliver it
ASSERT failed URB4 Violated. Process [2, 4, 5] delivered 1044 and correct [1, 3] did not deliver it
ASSERT failed URB4 Violated. Process [1, 2, 3, 4] delivered 5016 and correct [5] did not deliver it
ASSERT failed URB4 Violated. Process [1, 2, 3, 4] delivered 5017 and correct [5] did not deliver it
ASSERT failed URB4 Violated. Process [1, 2, 3, 4] delivered 5018 and correct [5] did not deliver it
ASSERT failed URB4 Violated. Process [1, 2, 3, 4] delivered 5019 and correct [5] did not deliver it
ASSERT failed URB4 Violated. Process [2, 4, 5] delivered 1045 and correct [1, 3] did not deliver it
ASSERT failed URB4 Violated. Process [2, 5] delivered 4041 and correct [1, 3, 4] did not deliver it
ASSERT failed URB4 Violated. Process [2, 4, 5] delivered 1046 and correct [1, 3] did not deliver it
ASSERT failed URB4 Violated. Process [1, 2, 3] delivered 5020 and correct [4, 5] did not deliver it
ASSERT failed URB4 Violated. Process [1, 2, 3] delivered 5021 and correct [4, 5] did not deliver it
ASSERT failed URB4 Violated. Process [2, 5] delivered 4042 and correct [1, 3, 4] did not deliver it
ASSERT failed URB4 Violated. Process [2, 4, 5] delivered 1047 and correct [1, 3] did not deliver it
ASSERT failed URB4 Violated. Process [2, 4, 5] delivered 1048 and correct [1, 3] did not deliver it
ASSERT failed URB4 Violated. Process [2, 5] delivered 4043 and correct [1, 3, 4] did not deliver it
ASSERT failed URB4 Violated. Process [1, 2, 3] delivered 5022 and correct [4, 5] did not deliver it
ASSERT failed URB4 Violated. Process [2, 4] delivered 1049 and correct [1, 3, 5] did not deliver it
ASSERT failed URB4 Violated. Process [1, 2, 3] delivered 5023 and correct [4, 5] did not deliver it
ASSERT failed URB4 Violated. Process [2, 5] delivered 4044 and correct [1, 3, 4] did not deliver it
ASSERT failed URB4 Violated. Process [2, 5] delivered 4045 and correct [1, 3, 4] did not deliver it
ASSERT failed URB4 Violated. Process [2] delivered 1050 and correct [1, 3, 4, 5] did not deliver it
ASSERT failed URB4 Violated. Process [1, 2, 3] delivered 5024 and correct [4, 5] did not deliver it
ASSERT failed URB4 Violated. Process [2, 5] delivered 4046 and correct [1, 3, 4] did not deliver it
ASSERT failed URB4 Violated. Process [2, 5] delivered 4047 and correct [1, 3, 4] did not deliver it
ASSERT failed URB4 Violated. Process [2, 5] delivered 4048 and correct [1, 3, 4] did not deliver it
ASSERT failed URB4 Violated. Process [1, 2, 3] delivered 5025 and correct [4, 5] did not deliver it
ASSERT failed URB4 Violated. Process [1, 2, 3] delivered 3049 and correct [4, 5] did not deliver it
ASSERT failed URB4 Violated. Process [2, 3] delivered 3050 and correct [1, 4, 5] did not deliver it
ASSERT failed URB4 Violated. Process [1, 2, 3] delivered 5026 and correct [4, 5] did not deliver it
ASSERT failed URB4 Violated. Process [2, 5] delivered 4049 and correct [1, 3, 4] did not deliver it
ASSERT failed URB4 Violated. Process [2, 5] delivered 4050 and correct [1, 3, 4] did not deliver it
ASSERT failed URB4 Violated. Process [1, 2, 3] delivered 5027 and correct [4, 5] did not deliver it
ASSERT failed URB4 Violated. Process [1, 2, 3] delivered 5028 and correct [4, 5] did not deliver it
ASSERT failed URB4 Violated. Process [1, 2, 3] delivered 5029 and correct [4, 5] did not deliver it
ASSERT failed URB4 Violated. Process [1, 2, 3] delivered 5030 and correct [4, 5] did not deliver it
ASSERT failed URB4 Violated. Process [1, 2, 3] delivered 5031 and correct [4, 5] did not deliver it
ASSERT failed URB4 Violated. Process [1, 2, 3] delivered 5032 and correct [4, 5] did not deliver it
ASSERT failed URB4 Violated. Process [1, 2, 3] delivered 5033 and correct [4, 5] did not deliver it
ASSERT failed URB4 Violated. Process [1, 2, 3] delivered 5034 and correct [4, 5] did not deliver it
ASSERT failed URB4 Violated. Process [1, 2, 3] delivered 5035 and correct [4, 5] did not deliver it
ASSERT failed URB4 Violated. Process [1, 2, 3] delivered 5036 and correct [4, 5] did not deliver it
ASSERT failed URB4 Violated. Process [1, 2, 3] delivered 5037 and correct [4, 5] did not deliver it
ASSERT failed URB4 Violated. Process [1, 2, 3] delivered 5038 and correct [4, 5] did not deliver it
ASSERT failed URB4 Violated. Process [1, 2, 3] delivered 5039 and correct [4, 5] did not deliver it
ASSERT failed URB4 Violated. Process [1, 2, 3] delivered 5040 and correct [4, 5] did not deliver it
ASSERT failed URB4 Violated. Process [1, 2, 3] delivered 5041 and correct [4, 5] did not deliver it
ASSERT failed URB4 Violated. Process [1, 2, 3] delivered 5042 and correct [4, 5] did not deliver it
ASSERT failed URB4 Violated. Process [1, 2, 3] delivered 5043 and correct [4, 5] did not deliver it
ASSERT failed URB4 Violated. Process [1, 2, 3] delivered 5044 and correct [4, 5] did not deliver it
ASSERT failed URB4 Violated. Process [1, 2, 3] delivered 5045 and correct [4, 5] did not deliver it
ASSERT failed URB4 Violated. Process [1, 2, 3] delivered 5046 and correct [4, 5] did not deliver it
ASSERT failed URB4 Violated. Process [1, 2, 3] delivered 5047 and correct [4, 5] did not deliver it
ASSERT failed URB4 Violated. Process [1, 2, 3] delivered 5048 and correct [4, 5] did not deliver it
ASSERT failed URB4 Violated. Process [1, 2, 3] delivered 5049 and correct [4, 5] did not deliver it
ASSERT failed URB4 Violated. Process [1, 2, 3] delivered 5050 and correct [4, 5] did not deliver it
ASSERT failed URB4 Violated. Process [1, 2, 3, 5] delivered 4006 and correct [4] did not deliver it
ASSERT failed URB4 Violated. Process [1, 2, 3, 5] delivered 4007 and correct [4] did not deliver it
ASSERT failed URB4 Violated. Process [1, 2, 3, 5] delivered 4008 and correct [4] did not deliver it
ASSERT failed URB4 Violated. Process [2, 3, 4, 5] delivered 1012 and correct [1] did not deliver it
ASSERT failed URB4 Violated. Process [2, 3, 4, 5] delivered 1013 and correct [1] did not deliver it
ASSERT failed URB4 Violated. Process [2, 3, 4, 5] delivered 1014 and correct [1] did not deliver it
ASSERT failed URB4 Violated. Process [2, 3, 4, 5] delivered 1015 and correct [1] did not deliver it
ASSERT failed URB4 Violated. Process [2, 3, 4, 5] delivered 1016 and correct [1] did not deliver it
ASSERT failed URB4 Violated. Process [2, 3, 4, 5] delivered 1017 and correct [1] did not deliver it
ASSERT failed URB4 Violated. Process [2, 3, 4, 5] delivered 1018 and correct [1] did not deliver it
ASSERT failed URB4 Violated. Process [2, 3, 4, 5] delivered 1019 and correct [1] did not deliver it
ASSERT failed URB4 Violated. Process [2, 3, 4, 5] delivered 1020 and correct [1] did not deliver it
ASSERT failed URB4 Violated. Process [2, 3, 4, 5] delivered 1021 and correct [1] did not deliver it
ASSERT failed URB4 Violated. Process [1, 2, 3, 4] delivered 5015 and correct [5] did not deliver it
ASSERT failed URB4 Violated. Process [1, 2, 3, 4] delivered 5016 and correct [5] did not deliver it
ASSERT failed URB4 Violated. Process [1, 2, 3, 4] delivered 5017 and correct [5] did not deliver it
ASSERT failed URB4 Violated. Process [1, 2, 3, 4] delivered 5018 and correct [5] did not deliver it
ASSERT failed URB4 Violated. Process [1, 2, 3, 4] delivered 5019 and correct [5] did not deliver it
ASSERT failed URB4 Violated. Process [1, 2, 3] delivered 5020 and correct [4, 5] did not deliver it
ASSERT failed URB4 Violated. Process [1, 2, 3] delivered 5021 and correct [4, 5] did not deliver it
ASSERT failed URB4 Violated. Process [1, 2, 3] delivered 5022 and correct [4, 5] did not deliver it
ASSERT failed URB4 Violated. Process [1, 2, 3] delivered 5023 and correct [4, 5] did not deliver it
ASSERT failed URB4 Violated. Process [1, 2, 3] delivered 5024 and correct [4, 5] did not deliver it
ASSERT failed URB4 Violated. Process [1, 2, 3] delivered 5025 and correct [4, 5] did not deliver it
ASSERT failed URB4 Violated. Process [1, 2, 3] delivered 5026 and correct [4, 5] did not deliver it
ASSERT failed URB4 Violated. Process [1, 2, 3] delivered 5027 and correct [4, 5] did not deliver it
ASSERT failed URB4 Violated. Process [1, 2, 3] delivered 5028 and correct [4, 5] did not deliver it
ASSERT failed URB4 Violated. Process [1, 2, 3] delivered 5029 and correct [4, 5] did not deliver it
ASSERT failed URB4 Violated. Process [1, 2, 3] delivered 5030 and correct [4, 5] did not deliver it
ASSERT failed URB4 Violated. Process [1, 2, 3] delivered 5031 and correct [4, 5] did not deliver it
ASSERT failed URB4 Violated. Process [1, 2, 3] delivered 5032 and correct [4, 5] did not deliver it
ASSERT failed URB4 Violated. Process [1, 2, 3] delivered 5033 and correct [4, 5] did not deliver it
ASSERT failed URB4 Violated. Process [1, 2, 3] delivered 5034 and correct [4, 5] did not deliver it
ASSERT failed URB4 Violated. Process [1, 2, 3] delivered 5035 and correct [4, 5] did not deliver it
ASSERT failed URB4 Violated. Process [1, 2, 3] delivered 5036 and correct [4, 5] did not deliver it
ASSERT failed URB4 Violated. Process [2, 3, 4, 5] delivered 1022 and correct [1] did not deliver it
ASSERT failed URB4 Violated. Process [1, 2, 3] delivered 5037 and correct [4, 5] did not deliver it
ASSERT failed URB4 Violated. Process [2, 3, 4, 5] delivered 1023 and correct [1] did not deliver it
ASSERT failed URB4 Violated. Process [1, 2, 3, 4] delivered 3045 and correct [5] did not deliver it
ASSERT failed URB4 Violated. Process [2, 3, 4, 5] delivered 1024 and correct [1] did not deliver it
ASSERT failed URB4 Violated. Process [1, 2, 3, 5] delivered 4009 and correct [4] did not deliver it
ASSERT failed URB4 Violated. Process [1, 2, 3] delivered 5038 and correct [4, 5] did not deliver it
ASSERT failed URB4 Violated. Process [2, 3, 4, 5] delivered 1025 and correct [1] did not deliver it
ASSERT failed URB4 Violated. Process [1, 2, 3] delivered 5039 and correct [4, 5] did not deliver it
ASSERT failed URB4 Violated. Process [1, 2, 3] delivered 3046 and correct [4, 5] did not deliver it
ASSERT failed URB4 Violated. Process [2, 3, 4, 5] delivered 1026 and correct [1] did not deliver it
ASSERT failed URB4 Violated. Process [2, 3, 4, 5] delivered 1027 and correct [1] did not deliver it
ASSERT failed URB4 Violated. Process [1, 2, 3] delivered 3047 and correct [4, 5] did not deliver it
ASSERT failed URB4 Violated. Process [1, 2, 3, 5] delivered 4010 and correct [4] did not deliver it
ASSERT failed URB4 Violated. Process [1, 2, 3] delivered 3048 and correct [4, 5] did not deliver it
ASSERT failed URB4 Violated. Process [1, 2, 3, 5] delivered 4011 and correct [4] did not deliver it
ASSERT failed URB4 Violated. Process [1, 2, 3] delivered 5040 and correct [4, 5] did not deliver it
ASSERT failed URB4 Violated. Process [2, 3, 4, 5] delivered 1028 and correct [1] did not deliver it
ASSERT failed URB4 Violated. Process [1, 2, 3] delivered 5041 and correct [4, 5] did not deliver it
ASSERT failed URB4 Violated. Process [1, 2, 3] delivered 5042 and correct [4, 5] did not deliver it
ASSERT failed URB4 Violated. Process [1, 2, 3, 5] delivered 4012 and correct [4] did not deliver it
ASSERT failed URB4 Violated. Process [2, 3, 4, 5] delivered 1029 and correct [1] did not deliver it
ASSERT failed URB4 Violated. Process [1, 2, 3, 5] delivered 4013 and correct [4] did not deliver it
ASSERT failed URB4 Violated. Process [2, 3, 4, 5] delivered 1030 and correct [1] did not deliver it
ASSERT failed URB4 Violated. Process [2, 3, 4, 5] delivered 1031 and correct [1] did not deliver it
ASSERT failed URB4 Violated. Process [2, 3, 4, 5] delivered 1032 and correct [1] did not deliver it
ASSERT failed URB4 Violated. Process [1, 2, 3] delivered 5043 and correct [4, 5] did not deliver it
ASSERT failed URB4 Violated. Process [1, 2, 3] delivered 5044 and correct [4, 5] did not deliver it
ASSERT failed URB4 Violated. Process [1, 2, 3] delivered 5045 and correct [4, 5] did not deliver it
ASSERT failed URB4 Violated. Process [1, 2, 3, 5] delivered 4014 and correct [4] did not deliver it
ASSERT failed URB4 Violated. Process [2, 3, 4, 5] delivered 1033 and correct [1] did not deliver it
ASSERT failed URB4 Violated. Process [1, 2, 3] delivered 5046 and correct [4, 5] did not deliver it
ASSERT failed URB4 Violated. Process [2, 3, 4, 5] delivered 1034 and correct [1] did not deliver it
ASSERT failed URB4 Violated. Process [1, 2, 3, 5] delivered 4015 and correct [4] did not deliver it
ASSERT failed URB4 Violated. Process [1, 2, 3] delivered 5047 and correct [4, 5] did not deliver it
ASSERT failed URB4 Violated. Process [2, 3, 4, 5] delivered 1035 and correct [1] did not deliver it
ASSERT failed URB4 Violated. Process [1, 2, 3, 5] delivered 4016 and correct [4] did not deliver it
ASSERT failed URB4 Violated. Process [1, 2, 3, 5] delivered 4017 and correct [4] did not deliver it
ASSERT failed URB4 Violated. Process [1, 2, 3] delivered 3049 and correct [4, 5] did not deliver it
ASSERT failed URB4 Violated. Process [1, 2, 3] delivered 5048 and correct [4, 5] did not deliver it
ASSERT failed URB4 Violated. Process [1, 2, 3] delivered 5049 and correct [4, 5] did not deliver it
ASSERT failed URB4 Violated. Process [1, 2, 3, 5] delivered 4018 and correct [4] did not deliver it
ASSERT failed URB4 Violated. Process [1, 2, 3, 5] delivered 4019 and correct [4] did not deliver it
ASSERT failed URB4 Violated. Process [1, 2, 3, 5] delivered 4020 and correct [4] did not deliver it
ASSERT failed URB4 Violated. Process [1, 2, 3] delivered 5050 and correct [4, 5] did not deliver it
ASSERT failed URB4 Violated. Process [2, 3, 4, 5] delivered 1036 and correct [1] did not deliver it
ASSERT failed URB4 Violated. Process [2, 3, 4, 5] delivered 1037 and correct [1] did not deliver it
ASSERT failed URB4 Violated. Process [2, 3] delivered 3050 and correct [1, 4, 5] did not deliver it
ASSERT failed URB4 Violated. Process [1, 3, 4, 5] delivered 2030 and correct [2] did not deliver it
ASSERT failed URB4 Violated. Process [1, 2, 3, 5] delivered 4021 and correct [4] did not deliver it
ASSERT failed URB4 Violated. Process [2, 3, 4, 5] delivered 1038 and correct [1] did not deliver it
ASSERT failed URB4 Violated. Process [2, 3, 4, 5] delivered 1039 and correct [1] did not deliver it
ASSERT failed URB4 Violated. Process [1, 3, 4, 5] delivered 2031 and correct [2] did not deliver it
ASSERT failed URB4 Violated. Process [1, 3, 4, 5] delivered 2032 and correct [2] did not deliver it
ASSERT failed URB4 Violated. Process [1, 2, 3, 5] delivered 4022 and correct [4] did not deliver it
ASSERT failed URB4 Violated. Process [2, 3, 4, 5] delivered 1040 and correct [1] did not deliver it
ASSERT failed URB4 Violated. Process [1, 2, 3, 5] delivered 4023 and correct [4] did not deliver it
ASSERT failed URB4 Violated. Process [1, 3, 4, 5] delivered 2033 and correct [2] did not deliver it
ASSERT failed URB4 Violated. Process [2, 3, 4, 5] delivered 1012 and correct [1] did not deliver it
ASSERT failed URB4 Violated. Process [2, 3, 4, 5] delivered 1013 and correct [1] did not deliver it
ASSERT failed URB4 Violated. Process [2, 3, 4, 5] delivered 1014 and correct [1] did not deliver it
ASSERT failed URB4 Violated. Process [2, 3, 4, 5] delivered 1015 and correct [1] did not deliver it
ASSERT failed URB4 Violated. Process [2, 3, 4, 5] delivered 1016 and correct [1] did not deliver it
ASSERT failed URB4 Violated. Process [2, 3, 4, 5] delivered 1017 and correct [1] did not deliver it
ASSERT failed URB4 Violated. Process [2, 3, 4, 5] delivered 1018 and correct [1] did not deliver it
ASSERT failed URB4 Violated. Process [2, 3, 4, 5] delivered 1019 and correct [1] did not deliver it
ASSERT failed URB4 Violated. Process [2, 3, 4, 5] delivered 1020 and correct [1] did not deliver it
ASSERT failed URB4 Violated. Process [2, 3, 4, 5] delivered 1021 and correct [1] did not deliver it
ASSERT failed URB4 Violated. Process [2, 3, 4, 5] delivered 1022 and correct [1] did not deliver it
ASSERT failed URB4 Violated. Process [2, 3, 4, 5] delivered 1023 and correct [1] did not deliver it
ASSERT failed URB4 Violated. Process [1, 3, 4, 5] delivered 2030 and correct [2] did not deliver it
ASSERT failed URB4 Violated. Process [2, 3, 4, 5] delivered 1024 and correct [1] did not deliver it
ASSERT failed URB4 Violated. Process [1, 3, 4, 5] delivered 2031 and correct [2] did not deliver it
ASSERT failed URB4 Violated. Process [1, 3, 4, 5] delivered 2032 and correct [2] did not deliver it
ASSERT failed URB4 Violated. Process [1, 3, 4, 5] delivered 2033 and correct [2] did not deliver it
ASSERT failed URB4 Violated. Process [1, 4, 5] delivered 2034 and correct [2, 3] did not deliver it
ASSERT failed URB4 Violated. Process [1, 4, 5] delivered 2035 and correct [2, 3] did not deliver it
ASSERT failed URB4 Violated. Process [1, 4, 5] delivered 2036 and correct [2, 3] did not deliver it
ASSERT failed URB4 Violated. Process [1, 4, 5] delivered 2037 and correct [2, 3] did not deliver it
ASSERT failed URB4 Violated. Process [2, 3, 4, 5] delivered 1025 and correct [1] did not deliver it
ASSERT failed URB4 Violated. Process [2, 3, 4, 5] delivered 1026 and correct [1] did not deliver it
ASSERT failed URB4 Violated. Process [2, 3, 4, 5] delivered 1027 and correct [1] did not deliver it
ASSERT failed URB4 Violated. Process [2, 3, 4, 5] delivered 1028 and correct [1] did not deliver it
ASSERT failed URB4 Violated. Process [1, 4, 5] delivered 2038 and correct [2, 3] did not deliver it
ASSERT failed URB4 Violated. Process [2, 3, 4, 5] delivered 1029 and correct [1] did not deliver it
ASSERT failed URB4 Violated. Process [1, 4, 5] delivered 2039 and correct [2, 3] did not deliver it
ASSERT failed URB4 Violated. Process [2, 3, 4, 5] delivered 1030 and correct [1] did not deliver it
ASSERT failed URB4 Violated. Process [1, 4, 5] delivered 2040 and correct [2, 3] did not deliver it
ASSERT failed URB4 Violated. Process [2, 3, 4, 5] delivered 1031 and correct [1] did not deliver it
ASSERT failed URB4 Violated. Process [1, 4, 5] delivered 2041 and correct [2, 3] did not deliver it
ASSERT failed URB4 Violated. Process [1, 4, 5] delivered 2042 and correct [2, 3] did not deliver it
ASSERT failed URB4 Violated. Process [1, 4, 5] delivered 2043 and correct [2, 3] did not deliver it
ASSERT failed URB4 Violated. Process [4, 5] delivered 2044 and correct [1, 2, 3] did not deliver it
ASSERT failed URB4 Violated. Process [2, 3, 4, 5] delivered 1032 and correct [1] did not deliver it
ASSERT failed URB4 Violated. Process [2, 3, 4, 5] delivered 1033 and correct [1] did not deliver it
ASSERT failed URB4 Violated. Process [4, 5] delivered 2045 and correct [1, 2, 3] did not deliver it
ASSERT failed URB4 Violated. Process [2, 3, 4, 5] delivered 1034 and correct [1] did not deliver it
ASSERT failed URB4 Violated. Process [4, 5] delivered 2046 and correct [1, 2, 3] did not deliver it
ASSERT failed URB4 Violated. Process [4, 5] delivered 2047 and correct [1, 2, 3] did not deliver it
ASSERT failed URB4 Violated. Process [2, 3, 4, 5] delivered 1035 and correct [1] did not deliver it
ASSERT failed URB4 Violated. Process [2, 3, 4, 5] delivered 1036 and correct [1] did not deliver it
ASSERT failed URB4 Violated. Process [2, 3, 4, 5] delivered 1037 and correct [1] did not deliver it
ASSERT failed URB4 Violated. Process [4, 5] delivered 2048 and correct [1, 2, 3] did not deliver it
ASSERT failed URB4 Violated. Process [2, 3, 4, 5] delivered 1038 and correct [1] did not deliver it
ASSERT failed URB4 Violated. Process [4, 5] delivered 2049 and correct [1, 2, 3] did not deliver it
ASSERT failed URB4 Violated. Process [4] delivered 2050 and correct [1, 2, 3, 5] did not deliver it
ASSERT failed URB4 Violated. Process [2, 3, 4, 5] delivered 1039 and correct [1] did not deliver it
ASSERT failed URB4 Violated. Process [2, 3, 4, 5] delivered 1040 and correct [1] did not deliver it
ASSERT failed URB4 Violated. Process [2, 4, 5] delivered 1041 and correct [1, 3] did not deliver it
ASSERT failed URB4 Violated. Process [2, 4, 5] delivered 1042 and correct [1, 3] did not deliver it
ASSERT failed URB4 Violated. Process [1, 2, 3, 4] delivered 5015 and correct [5] did not deliver it
ASSERT failed URB4 Violated. Process [2, 4, 5] delivered 1043 and correct [1, 3] did not deliver it
ASSERT failed URB4 Violated. Process [1, 2, 3, 4] delivered 5016 and correct [5] did not deliver it
ASSERT failed URB4 Violated. Process [1, 2, 3, 4] delivered 5017 and correct [5] did not deliver it
ASSERT failed URB4 Violated. Process [1, 2, 3, 4] delivered 5018 and correct [5] did not deliver it
ASSERT failed URB4 Violated. Process [2, 4, 5] delivered 1044 and correct [1, 3] did not deliver it
ASSERT failed URB4 Violated. Process [2, 4, 5] delivered 1045 and correct [1, 3] did not deliver it
ASSERT failed URB4 Violated. Process [1, 2, 3, 4] delivered 3045 and correct [5] did not deliver it
ASSERT failed URB4 Violated. Process [1, 2, 3, 4] delivered 5019 and correct [5] did not deliver it
ASSERT failed URB4 Violated. Process [2, 4, 5] delivered 1046 and correct [1, 3] did not deliver it
ASSERT failed URB4 Violated. Process [2, 4, 5] delivered 1047 and correct [1, 3] did not deliver it
ASSERT failed URB4 Violated. Process [2, 4, 5] delivered 1048 and correct [1, 3] did not deliver it
ASSERT failed URB4 Violated. Process [2, 4] delivered 1049 and correct [1, 3, 5] did not deliver it
ASSERT failed URB4 Violated. Process [1, 2, 3, 5] delivered 4006 and correct [4] did not deliver it
ASSERT failed URB4 Violated. Process [1, 2, 3, 5] delivered 4007 and correct [4] did not deliver it
ASSERT failed URB4 Violated. Process [1, 2, 3, 5] delivered 4008 and correct [4] did not deliver it
ASSERT failed URB4 Violated. Process [1, 2, 3, 5] delivered 4009 and correct [4] did not deliver it
ASSERT failed URB4 Violated. Process [1, 2, 3, 5] delivered 4010 and correct [4] did not deliver it
ASSERT failed URB4 Violated. Process [1, 2, 3, 5] delivered 4011 and correct [4] did not deliver it
ASSERT failed URB4 Violated. Process [1, 2, 3, 5] delivered 4012 and correct [4] did not deliver it
ASSERT failed URB4 Violated. Process [1, 2, 3, 5] delivered 4013 and correct [4] did not deliver it
ASSERT failed URB4 Violated. Process [1, 2, 3, 5] delivered 4014 and correct [4] did not deliver it
ASSERT failed URB4 Violated. Process [1, 2, 3, 5] delivered 4015 and correct [4] did not deliver it
ASSERT failed URB4 Violated. Process [1, 2, 3, 5] delivered 4016 and correct [4] did not deliver it
ASSERT failed URB4 Violated. Process [1, 2, 3, 5] delivered 4017 and correct [4] did not deliver it
ASSERT failed URB4 Violated. Process [1, 2, 3, 5] delivered 4018 and correct [4] did not deliver it
ASSERT failed URB4 Violated. Process [1, 2, 3, 5] delivered 4019 and correct [4] did not deliver it
ASSERT failed URB4 Violated. Process [1, 2, 3, 5] delivered 4020 and correct [4] did not deliver it
ASSERT failed URB4 Violated. Process [1, 2, 3, 5] delivered 4021 and correct [4] did not deliver it
ASSERT failed URB4 Violated. Process [1, 2, 3, 5] delivered 4022 and correct [4] did not deliver it
ASSERT failed URB4 Violated. Process [1, 2, 3, 5] delivered 4023 and correct [4] did not deliver it
ASSERT failed URB4 Violated. Process [1, 2, 5] delivered 4024 and correct [3, 4] did not deliver it
ASSERT failed URB4 Violated. Process [1, 2, 5] delivered 4025 and correct [3, 4] did not deliver it
ASSERT failed URB4 Violated. Process [1, 2, 5] delivered 4026 and correct [3, 4] did not deliver it
ASSERT failed URB4 Violated. Process [1, 2, 5] delivered 4027 and correct [3, 4] did not deliver it
ASSERT failed URB4 Violated. Process [1, 2, 5] delivered 4028 and correct [3, 4] did not deliver it
ASSERT failed URB4 Violated. Process [1, 2, 5] delivered 4029 and correct [3, 4] did not deliver it
ASSERT failed URB4 Violated. Process [1, 2, 5] delivered 4030 and correct [3, 4] did not deliver it
ASSERT failed URB4 Violated. Process [1, 2, 5] delivered 4031 and correct [3, 4] did not deliver it
ASSERT failed URB4 Violated. Process [1, 2, 5] delivered 4032 and correct [3, 4] did not deliver it
ASSERT failed URB4 Violated. Process [1, 2, 5] delivered 4033 and correct [3, 4] did not deliver it
ASSERT failed URB4 Violated. Process [1, 2, 5] delivered 4034 and correct [3, 4] did not deliver it
ASSERT failed URB4 Violated. Process [1, 2, 5] delivered 4035 and correct [3, 4] did not deliver it
ASSERT failed URB4 Violated. Process [1, 2, 5] delivered 4036 and correct [3, 4] did not deliver it
ASSERT failed URB4 Violated. Process [1, 2, 5] delivered 4037 and correct [3, 4] did not deliver it
ASSERT failed URB4 Violated. Process [2, 5] delivered 4038 and correct [1, 3, 4] did not deliver it
ASSERT failed URB4 Violated. Process [2, 5] delivered 4039 and correct [1, 3, 4] did not deliver it
ASSERT failed URB4 Violated. Process [2, 5] delivered 4040 and correct [1, 3, 4] did not deliver it
ASSERT failed URB4 Violated. Process [2, 5] delivered 4041 and correct [1, 3, 4] did not deliver it
ASSERT failed URB4 Violated. Process [2, 5] delivered 4042 and correct [1, 3, 4] did not deliver it
ASSERT failed URB4 Violated. Process [2, 5] delivered 4043 and correct [1, 3, 4] did not deliver it
ASSERT failed URB4 Violated. Process [2, 5] delivered 4044 and correct [1, 3, 4] did not deliver it
ASSERT failed URB4 Violated. Process [2, 5] delivered 4045 and correct [1, 3, 4] did not deliver it
ASSERT failed URB4 Violated. Process [2, 5] delivered 4046 and correct [1, 3, 4] did not deliver it
ASSERT failed URB4 Violated. Process [2, 5] delivered 4047 and correct [1, 3, 4] did not deliver it
ASSERT failed URB4 Violated. Process [2, 5] delivered 4048 and correct [1, 3, 4] did not deliver it
ASSERT failed URB4 Violated. Process [2, 5] delivered 4049 and correct [1, 3, 4] did not deliver it
ASSERT failed URB4 Violated. Process [2, 5] delivered 4050 and correct [1, 3, 4] did not deliver it
ASSERT failed URB4 Violated. Process [2, 3, 4, 5] delivered 1012 and correct [1] did not deliver it
ASSERT failed URB4 Violated. Process [2, 3, 4, 5] delivered 1013 and correct [1] did not deliver it
ASSERT failed URB4 Violated. Process [2, 3, 4, 5] delivered 1014 and correct [1] did not deliver it
ASSERT failed URB4 Violated. Process [2, 3, 4, 5] delivered 1015 and correct [1] did not deliver it
ASSERT failed URB4 Violated. Process [2, 3, 4, 5] delivered 1016 and correct [1] did not deliver it
ASSERT failed URB4 Violated. Process [2, 3, 4, 5] delivered 1017 and correct [1] did not deliver it
ASSERT failed URB4 Violated. Process [2, 3, 4, 5] delivered 1018 and correct [1] did not deliver it
ASSERT failed URB4 Violated. Process [2, 3, 4, 5] delivered 1019 and correct [1] did not deliver it
ASSERT failed URB4 Violated. Process [2, 3, 4, 5] delivered 1020 and correct [1] did not deliver it
ASSERT failed URB4 Violated. Process [2, 3, 4, 5] delivered 1021 and correct [1] did not deliver it
ASSERT failed URB4 Violated. Process [1, 3, 4, 5] delivered 2030 and correct [2] did not deliver it
ASSERT failed URB4 Violated. Process [2, 3, 4, 5] delivered 1022 and correct [1] did not deliver it
ASSERT failed URB4 Violated. Process [2, 3, 4, 5] delivered 1023 and correct [1] did not deliver it
ASSERT failed URB4 Violated. Process [2, 3, 4, 5] delivered 1024 and correct [1] did not deliver it
ASSERT failed URB4 Violated. Process [2, 3, 4, 5] delivered 1025 and correct [1] did not deliver it
ASSERT failed URB4 Violated. Process [2, 3, 4, 5] delivered 1026 and correct [1] did not deliver it
ASSERT failed URB4 Violated. Process [2, 3, 4, 5] delivered 1027 and correct [1] did not deliver it
ASSERT failed URB4 Violated. Process [2, 3, 4, 5] delivered 1028 and correct [1] did not deliver it
ASSERT failed URB4 Violated. Process [2, 3, 4, 5] delivered 1029 and correct [1] did not deliver it
ASSERT failed URB4 Violated. Process [1, 3, 4, 5] delivered 2031 and correct [2] did not deliver it
ASSERT failed URB4 Violated. Process [2, 3, 4, 5] delivered 1030 and correct [1] did not deliver it
ASSERT failed URB4 Violated. Process [2, 3, 4, 5] delivered 1031 and correct [1] did not deliver it
ASSERT failed URB4 Violated. Process [2, 3, 4, 5] delivered 1032 and correct [1] did not deliver it
ASSERT failed URB4 Violated. Process [1, 3, 4, 5] delivered 2032 and correct [2] did not deliver it
ASSERT failed URB4 Violated. Process [2, 3, 4, 5] delivered 1033 and correct [1] did not deliver it
ASSERT failed URB4 Violated. Process [2, 3, 4, 5] delivered 1034 and correct [1] did not deliver it
ASSERT failed URB4 Violated. Process [1, 3, 4, 5] delivered 2033 and correct [2] did not deliver it
ASSERT failed URB4 Violated. Process [1, 4, 5] delivered 2034 and correct [2, 3] did not deliver it
ASSERT failed URB4 Violated. Process [2, 3, 4, 5] delivered 1035 and correct [1] did not deliver it
ASSERT failed URB4 Violated. Process [1, 4, 5] delivered 2035 and correct [2, 3] did not deliver it
ASSERT failed URB4 Violated. Process [2, 3, 4, 5] delivered 1036 and correct [1] did not deliver it
ASSERT failed URB4 Violated. Process [1, 4, 5] delivered 2036 and correct [2, 3] did not deliver it
ASSERT failed URB4 Violated. Process [1, 4, 5] delivered 2037 and correct [2, 3] did not deliver it
ASSERT failed URB4 Violated. Process [2, 3, 4, 5] delivered 1037 and correct [1] did not deliver it
ASSERT failed URB4 Violated. Process [1, 4, 5] delivered 2038 and correct [2, 3] did not deliver it
ASSERT failed URB4 Violated. Process [1, 4, 5] delivered 2039 and correct [2, 3] did not deliver it
ASSERT failed URB4 Violated. Process [2, 3, 4, 5] delivered 1038 and correct [1] did not deliver it
ASSERT failed URB4 Violated. Process [2, 3, 4, 5] delivered 1039 and correct [1] did not deliver it
ASSERT failed URB4 Violated. Process [2, 3, 4, 5] delivered 1040 and correct [1] did not deliver it
ASSERT failed URB4 Violated. Process [1, 4, 5] delivered 2040 and correct [2, 3] did not deliver it
ASSERT failed URB4 Violated. Process [1, 4, 5] delivered 2041 and correct [2, 3] did not deliver it
ASSERT failed URB4 Violated. Process [1, 4, 5] delivered 2042 and correct [2, 3] did not deliver it
ASSERT failed URB4 Violated. Process [2, 4, 5] delivered 1041 and correct [1, 3] did not deliver it
ASSERT failed URB4 Violated. Process [2, 4, 5] delivered 1042 and correct [1, 3] did not deliver it
ASSERT failed URB4 Violated. Process [1, 4, 5] delivered 2043 and correct [2, 3] did not deliver it
ASSERT failed URB4 Violated. Process [2, 4, 5] delivered 1043 and correct [1, 3] did not deliver it
ASSERT failed URB4 Violated. Process [4, 5] delivered 2044 and correct [1, 2, 3] did not deliver it
ASSERT failed URB4 Violated. Process [4, 5] delivered 2045 and correct [1, 2, 3] did not deliver it
ASSERT failed URB4 Violated. Process [2, 4, 5] delivered 1044 and correct [1, 3] did not deliver it
ASSERT failed URB4 Violated. Process [4, 5] delivered 2046 and correct [1, 2, 3] did not deliver it
ASSERT failed URB4 Violated. Process [4, 5] delivered 2047 and correct [1, 2, 3] did not deliver it
ASSERT failed URB4 Violated. Process [4, 5] delivered 2048 and correct [1, 2, 3] did not deliver it
ASSERT failed URB4 Violated. Process [2, 4, 5] delivered 1045 and correct [1, 3] did not deliver it
ASSERT failed URB4 Violated. Process [2, 4, 5] delivered 1046 and correct [1, 3] did not deliver it
ASSERT failed URB4 Violated. Process [2, 4, 5] delivered 1047 and correct [1, 3] did not deliver it
ASSERT failed URB4 Violated. Process [2, 4, 5] delivered 1048 and correct [1, 3] did not deliver it
ASSERT failed URB4 Violated. Process [4, 5] delivered 2049 and correct [1, 2, 3] did not deliver it
INCORRECT
